[     427ms] [LOG] [webpack] connecting... @ http://localhost:8001/vendors-node_modules_pnpm_umijs_bundler-webpack_4_6_36_type-fest_0_20_2_typescript_5_9_3_webp-5f6276.async.js:515
[     429ms] [LOG] [webpack] connected. @ http://localhost:8001/vendors-node_modules_pnpm_umijs_bundler-webpack_4_6_36_type-fest_0_20_2_typescript_5_9_3_webp-5f6276.async.js:548
[     478ms] [INFO] %cDownload the React DevTools for a better development experience: https://reactjs.org/link/react-devtools font-weight:bold @ http://localhost:8001/mf-dep____vendor.413d04c0.js:536482
[     683ms] [ERROR] Warning: [antd: Modal] `destroyOnClose` is deprecated. Please use `destroyOnHidden` instead. @ http://localhost:8001/mf-dep____vendor.413d04c0.js:536599
[     717ms] [ERROR] Failed to load resource: the server responded with a status of 401 (Unauthorized) @ http://localhost:8001/api/v1/public/security-settings:0
[   18409ms] [ERROR] Warning: findDOMNode is deprecated and will be removed in the next major release. Instead, add a ref directly to the element you want to reference. Learn more about using refs safely here: https://reactjs.org/link/strict-mode-find-node%s 
    at SingleObserver (http://localhost:8001/mf-dep____vendor.413d04c0.js:481288:24)
    at ResizeObserver (http://localhost:8001/mf-dep____vendor.413d04c0.js:481425:24)
    at http://localhost:8001/mf-dep____vendor.413d04c0.js:329802:34
    at Tooltip (http://localhost:8001/mf-dep____vendor.413d04c0.js:495603:32)
    at http://localhost:8001/mf-dep____vendor.413d04c0.js:396494:18
    at MenuItemTooltip (http://localhost:8001/mf-dep____vendor.413d04c0.js:127118:73)
    at span
    at li
    at InternalItem (http://localhost:8001/mf-dep____vendor.413d04c0.js:470838:25)
    at InternalRawItem (http://localhost:8001/mf-dep____vendor.413d04c0.js:471276:52)
    at LegacyMenuItem (http://localhost:8001/mf-dep____vendor.413d04c0.js:466971:90)
    at http://localhost:8001/mf-dep____vendor.413d04c0.js:467002:21
    at MenuItem (http://localhost:8001/mf-dep____vendor.413d04c0.js:467126:24)
    at MenuItem (http://localhost:8001/mf-dep____vendor.413d04c0.js:368403:5)
    at ul
    at Overflow (http://localhost:8001/mf-dep____vendor.413d04c0.js:470954:32)
    at InheritableContextProvider (http://localhost:8001/mf-dep____vendor.413d04c0.js:467892:23)
    at http://localhost:8001/mf-dep____vendor.413d04c0.js:466465:27
    at http://localhost:8001/mf-dep____vendor.413d04c0.js:368726:55
    at http://localhost:8001/mf-dep____vendor.413d04c0.js:368637:64
    at BaseMenu (http://localhost:8001/mf-dep____vendor.413d04c0.js:127412:20)
    at div
    at div
    at aside
    at http://localhost:8001/mf-dep____vendor.413d04c0.js:366030:18
    at SiderMenu (http://localhost:8001/mf-dep____vendor.413d04c0.js:127670:25)
    at SiderMenuWrapper (http://localhost:8001/mf-dep____vendor.413d04c0.js:127929:24)
    at MotionWrapper (http://localhost:8001/mf-dep____vendor.413d04c0.js:351641:59)
    at ProviderChildren (http://localhost:8001/mf-dep____vendor.413d04c0.js:352309:5)
    at ConfigProvider (http://localhost:8001/mf-dep____vendor.413d04c0.js:352611:54)
    at div
    at http://localhost:8001/mf-dep____vendor.413d04c0.js:366315:42
    at Layout
    at div
    at BaseProLayout (http://localhost:8001/mf-dep____vendor.413d04c0.js:120972:13)
    at MotionWrapper (http://localhost:8001/mf-dep____vendor.413d04c0.js:351641:59)
    at ProviderChildren (http://localhost:8001/mf-dep____vendor.413d04c0.js:352309:5)
    at ConfigProvider (http://localhost:8001/mf-dep____vendor.413d04c0.js:352611:54)
    at ConfigProviderContainer (http://localhost:8001/mf-dep____vendor.413d04c0.js:131143:24)
    at LocaleProvider (http://localhost:8001/mf-dep____vendor.413d04c0.js:367608:5)
    at MotionWrapper (http://localhost:8001/mf-dep____vendor.413d04c0.js:351641:59)
    at ProviderChildren (http://localhost:8001/mf-dep____vendor.413d04c0.js:352309:5)
    at ConfigProvider (http://localhost:8001/mf-dep____vendor.413d04c0.js:352611:54)
    at ProConfigProvider (http://localhost:8001/mf-dep____vendor.413d04c0.js:131270:24)
    at MotionWrapper (http://localhost:8001/mf-dep____vendor.413d04c0.js:351641:59)
    at ProviderChildren (http://localhost:8001/mf-dep____vendor.413d04c0.js:352309:5)
    at ConfigProvider (http://localhost:8001/mf-dep____vendor.413d04c0.js:352611:54)
    at ProLayout (http://localhost:8001/mf-dep____vendor.413d04c0.js:121308:28)
    at http://localhost:8001/umi__plugin-layout__Layout.async.js:208:73
    at Suspense
    at RemoteComponent (http://localhost:8001/mf-dep____vendor.413d04c0.js:336080:25)
    at Routes (http://localhost:8001/mf-dep____vendor.413d04c0.js:335311:76)
    at Router (http://localhost:8001/mf-dep____vendor.413d04c0.js:538523:15)
    at BrowserRoutes (http://localhost:8001/mf-dep____vendor.413d04c0.js:335271:23)
    at r (http://localhost:8001/mf-dep____vendor.413d04c0.js:536776:7350)
    at Provider (http://localhost:8001/src_umi_umi_ts.async.js:2042:74)
    at InitialStateProvider (http://localhost:8001/src_umi_umi_ts.async.js:2383:140)
    at Provider (http://localhost:8001/src_umi_umi_ts.async.js:2848:34)
    at ProviderWrapper (http://localhost:8001/src_umi_umi_ts.async.js:3050:137)
    at MotionWrapper (http://localhost:8001/mf-dep____vendor.413d04c0.js:351641:59)
    at ProviderChildren (http://localhost:8001/mf-dep____vendor.413d04c0.js:352309:5)
    at ConfigProvider (http://localhost:8001/mf-dep____vendor.413d04c0.js:352611:54)
    at ThemePreferenceProvider (http://localhost:8001/src_umi_umi_ts.async.js:7997:23)
    at Browser (http://localhost:8001/mf-dep____vendor.413d04c0.js:335377:68) @ http://localhost:8001/mf-dep____vendor.413d04c0.js:536599
[   18418ms] [ERROR] Warning: [antd: Select] `dropdownMatchSelectWidth` is deprecated. Please use `popupMatchSelectWidth` instead. @ http://localhost:8001/mf-dep____vendor.413d04c0.js:536599
