[     526ms] [LOG] [webpack] connecting... @ http://localhost:8002/vendors-node_modules_pnpm_umijs_bundler-webpack_4_6_36_type-fest_0_20_2_typescript_5_9_3_webp-5f6276.async.js:515
[     536ms] [LOG] [webpack] connected. @ http://localhost:8002/vendors-node_modules_pnpm_umijs_bundler-webpack_4_6_36_type-fest_0_20_2_typescript_5_9_3_webp-5f6276.async.js:548
[     586ms] [INFO] %cDownload the React DevTools for a better development experience: https://reactjs.org/link/react-devtools font-weight:bold @ http://localhost:8002/mf-dep____vendor.413d04c0.js:536482
[     752ms] [ERROR] Warning: [antd: Select] `dropdownMatchSelectWidth` is deprecated. Please use `popupMatchSelectWidth` instead. @ http://localhost:8002/mf-dep____vendor.413d04c0.js:536599
[     929ms] [ERROR] Warning: [antd: Modal] `destroyOnClose` is deprecated. Please use `destroyOnHidden` instead. @ http://localhost:8002/mf-dep____vendor.413d04c0.js:536599
[   28285ms] [ERROR] Module not found: Error: Can't resolve 'umi' in '/Users/johntao/Documents/GitHub/legendary-invention/frontend/src/.umi/core' @ http://localhost:8002/mf-dep____vendor.413d04c0.js:536599
[   28285ms] [ERROR] Module not found: Error: Can't resolve 'umi' in '/Users/johntao/Documents/GitHub/legendary-invention/frontend/src/.umi/core' @ http://localhost:8002/mf-dep____vendor.413d04c0.js:536599
[   28286ms] [ERROR] Module not found: Error: Can't resolve '@umijs/max' in '/Users/johntao/Documents/GitHub/legendary-invention/frontend/src/.umi/plugin-layout' @ http://localhost:8002/mf-dep____vendor.413d04c0.js:536599
[   28286ms] [ERROR] Module not found: Error: Can't resolve '@umijs/max' in '/Users/johntao/Documents/GitHub/legendary-invention/frontend/src/.umi/plugin-layout' @ http://localhost:8002/mf-dep____vendor.413d04c0.js:536599
[   28286ms] [ERROR] Module not found: Error: Can't resolve 'umi' in '/Users/johntao/Documents/GitHub/legendary-invention/frontend/src/.umi'
Did you mean './umi'?
Requests that should resolve in the current directory need to start with './'.
Requests that start with a name are treated as module requests and resolve within module directories (node_modules).
If changing the source code is not an option there is also a resolve options called 'preferRelative' which tries to resolve these kind of requests in the current directory too. @ http://localhost:8002/mf-dep____vendor.413d04c0.js:536599
[   28286ms] [ERROR] Module not found: Error: Can't resolve 'umi' in '/Users/johntao/Documents/GitHub/legendary-invention/frontend/src' @ http://localhost:8002/mf-dep____vendor.413d04c0.js:536599
[   28286ms] [ERROR] Module not found: Error: Can't resolve 'umi' in '/Users/johntao/Documents/GitHub/legendary-invention/frontend/src/auth' @ http://localhost:8002/mf-dep____vendor.413d04c0.js:536599
[   28286ms] [ERROR] Module not found: Error: Can't resolve 'umi' in '/Users/johntao/Documents/GitHub/legendary-invention/frontend/src/auth' @ http://localhost:8002/mf-dep____vendor.413d04c0.js:536599
[   28286ms] [ERROR] Module not found: Error: Can't resolve 'umi' in '/Users/johntao/Documents/GitHub/legendary-invention/frontend/src/hooks' @ http://localhost:8002/mf-dep____vendor.413d04c0.js:536599
[   28286ms] [ERROR] Module not found: Error: Can't resolve 'umi' in '/Users/johntao/Documents/GitHub/legendary-invention/frontend/src/hooks' @ http://localhost:8002/mf-dep____vendor.413d04c0.js:536599
[   28286ms] [ERROR] Module not found: Error: Can't resolve 'umi' in '/Users/johntao/Documents/GitHub/legendary-invention/frontend/src/pages/dashboard' @ http://localhost:8002/mf-dep____vendor.413d04c0.js:536599
[   28286ms] [ERROR] Module not found: Error: Can't resolve 'umi' in '/Users/johntao/Documents/GitHub/legendary-invention/frontend/src/pages/iam' @ http://localhost:8002/mf-dep____vendor.413d04c0.js:536599
[   28286ms] [ERROR] Module not found: Error: Can't resolve 'umi' in '/Users/johntao/Documents/GitHub/legendary-invention/frontend/src/pages/plugins' @ http://localhost:8002/mf-dep____vendor.413d04c0.js:536599
[   28286ms] [ERROR] Module not found: Error: Can't resolve 'umi' in '/Users/johntao/Documents/GitHub/legendary-invention/frontend/src/pages/profile' @ http://localhost:8002/mf-dep____vendor.413d04c0.js:536599
[   28286ms] [ERROR] Module not found: Error: Can't resolve 'umi' in '/Users/johntao/Documents/GitHub/legendary-invention/frontend/src/pages/system' @ http://localhost:8002/mf-dep____vendor.413d04c0.js:536599
[   28286ms] [ERROR] Module not found: Error: Can't resolve 'umi' in '/Users/johntao/Documents/GitHub/legendary-invention/frontend/src/pages/system/monitoring' @ http://localhost:8002/mf-dep____vendor.413d04c0.js:536599
[   28286ms] [ERROR] Module not found: Error: Can't resolve 'umi' in '/Users/johntao/Documents/GitHub/legendary-invention/frontend/src/pages/system/monitoring' @ http://localhost:8002/mf-dep____vendor.413d04c0.js:536599
[   28286ms] [ERROR] Module not found: Error: Can't resolve 'umi' in '/Users/johntao/Documents/GitHub/legendary-invention/frontend/src/pages/system/monitoring' @ http://localhost:8002/mf-dep____vendor.413d04c0.js:536599
[   28286ms] [ERROR] Module not found: Error: Can't resolve 'umi' in '/Users/johntao/Documents/GitHub/legendary-invention/frontend/src/pages/system' @ http://localhost:8002/mf-dep____vendor.413d04c0.js:536599
[   28286ms] [ERROR] Module not found: Error: Can't resolve 'umi' in '/Users/johntao/Documents/GitHub/legendary-invention/frontend/src/pages/tenant' @ http://localhost:8002/mf-dep____vendor.413d04c0.js:536599
[   28286ms] [ERROR] Module not found: Error: Can't resolve 'umi' in '/Users/johntao/Documents/GitHub/legendary-invention/frontend/src/pages/user-center' @ http://localhost:8002/mf-dep____vendor.413d04c0.js:536599
[   28286ms] [ERROR] Module not found: Error: Can't resolve 'umi' in '/Users/johntao/Documents/GitHub/legendary-invention/frontend/src/pages/user' @ http://localhost:8002/mf-dep____vendor.413d04c0.js:536599
[   28286ms] [ERROR] Module not found: Error: Can't resolve 'umi' in '/Users/johntao/Documents/GitHub/legendary-invention/frontend/src/services/common' @ http://localhost:8002/mf-dep____vendor.413d04c0.js:536599
[   37378ms] [LOG] [webpack] connecting... @ http://localhost:8002/vendors-node_modules_pnpm_umijs_bundler-webpack_4_6_36_type-fest_0_20_2_typescript_5_9_3_webp-5f6276.async.js:515
[   37386ms] [LOG] [webpack] connected. @ http://localhost:8002/vendors-node_modules_pnpm_umijs_bundler-webpack_4_6_36_type-fest_0_20_2_typescript_5_9_3_webp-5f6276.async.js:548
[   37423ms] Error: Module ".//Users/johntao/Documents/GitHub/legendary-invention/frontend/node_modules/.pnpm/core-js@3.34.0/node_modules/core-js/modules/es.error.cause.js" does not exist in container.
while loading ".//Users/johntao/Documents/GitHub/legendary-invention/frontend/node_modules/.pnpm/core-js@3.34.0/node_modules/core-js/modules/es.error.cause.js" from webpack/container/reference/mf
    at http://localhost:8002/mf-va_remoteEntry.js:136:11
